
mutaqim@DESKTOP-RGQN2PB MINGW64 ~/Desktop/Personal/Profession/Project/TESTGIT/testintogit
$ git init
Initialized empty Git repository in C:/Users/mutaqim/Desktop/Personal/Profession/Project/TESTGIT/testintogit/.git/

mutaqim@DESKTOP-RGQN2PB MINGW64 ~/Desktop/Personal/Profession/Project/TESTGIT/testintogit (master)
$ git status
On branch master

No commits yet

nothing to commit (create/copy files and use "git add" to track)

mutaqim@DESKTOP-RGQN2PB MINGW64 ~/Desktop/Personal/Profession/Project/TESTGIT/testintogit (master)
$ git status
On branch master

No commits yet

Untracked files:
  (use "git add <file>..." to include in what will be committed)
        qim qim.txt

nothing added to commit but untracked files present (use "git add" to track)

mutaqim@DESKTOP-RGQN2PB MINGW64 ~/Desktop/Personal/Profession/Project/TESTGIT/testintogit (master)
$ git add qim qim.txt                                                                                                   fatal: pathspec 'qim' did not match any files

mutaqim@DESKTOP-RGQN2PB MINGW64 ~/Desktop/Personal/Profession/Project/TESTGIT/testintogit (master)
$ git add qim\ qim.txt

mutaqim@DESKTOP-RGQN2PB MINGW64 ~/Desktop/Personal/Profession/Project/TESTGIT/testintogit (master)
$ git status
On branch master

No commits yet

Changes to be committed:
  (use "git rm --cached <file>..." to unstage)
        new file:   qim qim.txt


mutaqim@DESKTOP-RGQN2PB MINGW64 ~/Desktop/Personal/Profession/Project/TESTGIT/testintogit (master)
$ git log
fatal: your current branch 'master' does not have any commits yet

mutaqim@DESKTOP-RGQN2PB MINGW64 ~/Desktop/Personal/Profession/Project/TESTGIT/testintogit (master)
$ git log
fatal: your current branch 'master' does not have any commits yet

mutaqim@DESKTOP-RGQN2PB MINGW64 ~/Desktop/Personal/Profession/Project/TESTGIT/testintogit (master)
$ git commit
hint: Waiting for your editor to close the file...
 [main 2020-04-16T07:20:50.251Z] update#setState idle
Aborting commit due to empty commit message.

mutaqim@DESKTOP-RGQN2PB MINGW64 ~/Desktop/Personal/Profession/Project/TESTGIT/testintogit (master)
$ git status
On branch master

No commits yet

Changes to be committed:
  (use "git rm --cached <file>..." to unstage)
        new file:   qim qim.txt

Changes not staged for commit:
  (use "git add <file>..." to update what will be committed)
  (use "git restore <file>..." to discard changes in working directory)
        modified:   qim qim.txt


mutaqim@DESKTOP-RGQN2PB MINGW64 ~/Desktop/Personal/Profession/Project/TESTGIT/testintogit (master)
$ git commit
hint: Waiting for your editor to close the file...
 [main 2020-04-16T07:21:27.251Z] update#setState idle
[main 2020-04-16T07:21:57.253Z] update#setState checking for updates
[main 2020-04-16T07:21:57.447Z] update#setState downloading
[main 2020-04-16T07:22:09.014Z] update#setState downloaded
Aborting commit due to empty commit message.

mutaqim@DESKTOP-RGQN2PB MINGW64 ~/Desktop/Personal/Profession/Project/TESTGIT/testintogit (master)
$ git commiy -a -m "tambah ayat"
git: 'commiy' is not a git command. See 'git --help'.

The most similar command is
        commit

mutaqim@DESKTOP-RGQN2PB MINGW64 ~/Desktop/Personal/Profession/Project/TESTGIT/testintogit (master)
$ git commit -a -m "tambah ayat"
[master (root-commit) 197bb64] tambah ayat
 1 file changed, 1 insertion(+)
 create mode 100644 qim qim.txt

mutaqim@DESKTOP-RGQN2PB MINGW64 ~/Desktop/Personal/Profession/Project/TESTGIT/testintogit (master)
$ git status
On branch master
nothing to commit, working tree clean

mutaqim@DESKTOP-RGQN2PB MINGW64 ~/Desktop/Personal/Profession/Project/TESTGIT/testintogit (master)
$ git status
On branch master
Untracked files:
  (use "git add <file>..." to include in what will be committed)
        qim2.txt

nothing added to commit but untracked files present (use "git add" to track)

mutaqim@DESKTOP-RGQN2PB MINGW64 ~/Desktop/Personal/Profession/Project/TESTGIT/testintogit (master)
$ git add .

mutaqim@DESKTOP-RGQN2PB MINGW64 ~/Desktop/Personal/Profession/Project/TESTGIT/testintogit (master)
$ git status
On branch master
Changes to be committed:
  (use "git restore --staged <file>..." to unstage)
        new file:   qim2.txt


mutaqim@DESKTOP-RGQN2PB MINGW64 ~/Desktop/Personal/Profession/Project/TESTGIT/testintogit (master)
$ git status
On branch master
Changes to be committed:
  (use "git restore --staged <file>..." to unstage)
        new file:   qim2.txt


mutaqim@DESKTOP-RGQN2PB MINGW64 ~/Desktop/Personal/Profession/Project/TESTGIT/testintogit (master)
$ git commit -m "tambahan file kedua"
[master 609456b] tambahan file kedua
 1 file changed, 0 insertions(+), 0 deletions(-)
 create mode 100644 qim2.txt

mutaqim@DESKTOP-RGQN2PB MINGW64 ~/Desktop/Personal/Profession/Project/TESTGIT/testintogit (master)
$ git log
commit 609456b9718e5326d11875c3283c86bddb855dcc (HEAD -> master)
Author: mutaqim96 <mutaqim.ah@theiac.com>
Date:   Thu Apr 16 15:26:19 2020 +0800

    tambahan file kedua

commit 197bb64f26952b91a0240f2169e23df5633d5231
Author: mutaqim96 <mutaqim.ah@theiac.com>
Date:   Thu Apr 16 15:24:06 2020 +0800

    tambah ayat

mutaqim@DESKTOP-RGQN2PB MINGW64 ~/Desktop/Personal/Profession/Project/TESTGIT/testintogit (master)
$ git remote

mutaqim@DESKTOP-RGQN2PB MINGW64 ~/Desktop/Personal/Profession/Project/TESTGIT/testintogit (master)
$ git remote -v

mutaqim@DESKTOP-RGQN2PB MINGW64 ~/Desktop/Personal/Profession/Project/TESTGIT/testintogit (master)
$ git push remote
fatal: The current branch master has no upstream branch.
To push the current branch and set the remote as upstream, use

    git push --set-upstream remote master


mutaqim@DESKTOP-RGQN2PB MINGW64 ~/Desktop/Personal/Profession/Project/TESTGIT/testintogit (master)
$ git remote add github https://github.com/mutaqim96/testinggit.git

mutaqim@DESKTOP-RGQN2PB MINGW64 ~/Desktop/Personal/Profession/Project/TESTGIT/testintogit (master)
$ git remote
github

mutaqim@DESKTOP-RGQN2PB MINGW64 ~/Desktop/Personal/Profession/Project/TESTGIT/testintogit (master)
$ git remote add origin https://github.com/mutaqim96/testinggit.git

mutaqim@DESKTOP-RGQN2PB MINGW64 ~/Desktop/Personal/Profession/Project/TESTGIT/testintogit (master)
$ git remote
github
origin

mutaqim@DESKTOP-RGQN2PB MINGW64 ~/Desktop/Personal/Profession/Project/TESTGIT/testintogit (master)
$ git remote -v
github  https://github.com/mutaqim96/testinggit.git (fetch)
github  https://github.com/mutaqim96/testinggit.git (push)
origin  https://github.com/mutaqim96/testinggit.git (fetch)
origin  https://github.com/mutaqim96/testinggit.git (push)

mutaqim@DESKTOP-RGQN2PB MINGW64 ~/Desktop/Personal/Profession/Project/TESTGIT/testintogit (master)
$ git push github
Enumerating objects: 6, done.
Counting objects: 100% (6/6), done.
Delta compression using up to 4 threads
Compressing objects: 100% (3/3), done.
Writing objects: 100% (6/6), 453 bytes | 226.00 KiB/s, done.
Total 6 (delta 0), reused 0 (delta 0)
To https://github.com/mutaqim96/testinggit.git
 * [new branch]      master -> master

mutaqim@DESKTOP-RGQN2PB MINGW64 ~/Desktop/Personal/Profession/Project/TESTGIT/testintogit (master)
$ git pull origin
remote: Enumerating objects: 5, done.
remote: Counting objects: 100% (5/5), done.
remote: Compressing objects: 100% (2/2), done.
remote: Total 3 (delta 0), reused 0 (delta 0), pack-reused 0
Unpacking objects: 100% (3/3), 686 bytes | 42.00 KiB/s, done.
From https://github.com/mutaqim96/testinggit
 * [new branch]      master     -> origin/master
You asked to pull from the remote 'origin', but did not specify
a branch. Because this is not the default configured remote
for your current branch, you must specify a branch on the command line.

mutaqim@DESKTOP-RGQN2PB MINGW64 ~/Desktop/Personal/Profession/Project/TESTGIT/testintogit (master)
$ git pull origin mastee
fatal: couldn't find remote ref mastee

mutaqim@DESKTOP-RGQN2PB MINGW64 ~/Desktop/Personal/Profession/Project/TESTGIT/testintogit (master)
$ git pull origin master
From https://github.com/mutaqim96/testinggit
 * branch            master     -> FETCH_HEAD
Updating 609456b..59f9799
Fast-forward
 qim qim.txt | 3 ++-
 1 file changed, 2 insertions(+), 1 deletion(-)

mutaqim@DESKTOP-RGQN2PB MINGW64 ~/Desktop/Personal/Profession/Project/TESTGIT/testintogit (master)
$ git status
On branch master
Changes not staged for commit:
  (use "git add <file>..." to update what will be committed)
  (use "git restore <file>..." to discard changes in working directory)
        modified:   qim qim.txt

no changes added to commit (use "git add" and/or "git commit -a")

mutaqim@DESKTOP-RGQN2PB MINGW64 ~/Desktop/Personal/Profession/Project/TESTGIT/testintogit (master)
$ git add .

mutaqim@DESKTOP-RGQN2PB MINGW64 ~/Desktop/Personal/Profession/Project/TESTGIT/testintogit (master)
$ git status
On branch master
Changes to be committed:
  (use "git restore --staged <file>..." to unstage)
        modified:   qim qim.txt


mutaqim@DESKTOP-RGQN2PB MINGW64 ~/Desktop/Personal/Profession/Project/TESTGIT/testintogit (master)
$ git commit -m "tambah rubbish"
[master 562bf7c] tambah rubbish
 1 file changed, 1 insertion(+)

mutaqim@DESKTOP-RGQN2PB MINGW64 ~/Desktop/Personal/Profession/Project/TESTGIT/testintogit (master)
$ git push origin master
Enumerating objects: 5, done.
Counting objects: 100% (5/5), done.
Delta compression using up to 4 threads
Compressing objects: 100% (3/3), done.
Writing objects: 100% (3/3), 318 bytes | 318.00 KiB/s, done.
Total 3 (delta 0), reused 0 (delta 0)
To https://github.com/mutaqim96/testinggit.git
   59f9799..562bf7c  master -> master

mutaqim@DESKTOP-RGQN2PB MINGW64 ~/Desktop/Personal/Profession/Project/TESTGIT/testintogit (master)
$ git status
On branch master
nothing to commit, working tree clean

mutaqim@DESKTOP-RGQN2PB MINGW64 ~/Desktop/Personal/Profession/Project/TESTGIT/testintogit (master)
$ git pull github master
remote: Enumerating objects: 5, done.
remote: Counting objects: 100% (5/5), done.
remote: Compressing objects: 100% (3/3), done.
remote: Total 3 (delta 0), reused 0 (delta 0), pack-reused 0
Unpacking objects: 100% (3/3), 696 bytes | 46.00 KiB/s, done.
From https://github.com/mutaqim96/testinggit
 * branch            master     -> FETCH_HEAD
   609456b..3e4ff4b  master     -> github/master
Updating 562bf7c..3e4ff4b
Fast-forward
 qim qim.txt | 2 +-
 1 file changed, 1 insertion(+), 1 deletion(-)

mutaqim@DESKTOP-RGQN2PB MINGW64 ~/Desktop/Personal/Profession/Project/TESTGIT/testintogit (master)
$ pwd
/c/Users/mutaqim/Desktop/Personal/Profession/Project/TESTGIT/testintogit

mutaqim@DESKTOP-RGQN2PB MINGW64 ~/Desktop/Personal/Profession/Project/TESTGIT/testintogit (master)
$ ls
'qim qim.txt'   qim2.txt

mutaqim@DESKTOP-RGQN2PB MINGW64 ~/Desktop/Personal/Profession/Project/TESTGIT/testintogit (master)
$